// Jest Snapshot v1, https://goo.gl/fbAQLP

exports[`Pruebas en <GifItem /> debe de hacer match con el snapshot 1`] = `
<div>
  <div
    class="card"
  >
    <img
      alt="One piece"
      src="https://one-piece.com/onepiece.jpg"
    />
    <p>
      One piece
    </p>
  </div>
</div>
`;
